2026-08-04 16:41:35 URL:http://deb.debian.org/debian/dists/trixie/InRelease [140416/140416] -> "/src/out-arm64/rootfs/var/lib/apt/lists/partial/deb.debian.org_debian_dists_trixie_InRelease" [1]
04B54C3CDCA79751B16BC6B5225629DF75B188BD
41587F7DB8C774BCCF131416762F67A0B2C39DE4
B8B80B5B623EAB6AD8775C45B7C5D7D6350947F8
2026-08-04 16:41:38 URL:http://deb.debian.org/debian/dists/trixie/main/binary-arm64/by-hash/SHA256/753da751bbc7a679f48bd1b623ffd4479cb6861c426118284c76eb82909e4908 [9607412/9607412] -> "/src/out-arm64/rootfs/var/lib/apt/lists/partial/deb.debian.org_debian_dists_trixie_main_binary-arm64_Packages.xz" [1]
2026-08-04 16:42:44 URL:http://deb.debian.org/debian/pool/main/a/apt/apt_3.0.3_arm64.deb [1361960/1361960] -> "/src/out-arm64/rootfs//var/cache/apt/archives/partial/apt_3.0.3_arm64.deb" [1]
2026-08-04 16:42:49 URL:http://deb.debian.org/debian/pool/main/b/base-files/base-files_13.8+deb13u6_arm64.deb [73276/73276] -> "/src/out-arm64/rootfs//var/cache/apt/archives/partial/base-files_13.8+deb13u6_arm64.deb" [1]
2026-08-04 16:42:51 URL:http://deb.debian.org/debian/pool/main/b/base-passwd/base-passwd_3.6.7_arm64.deb [53392/53392] -> "/src/out-arm64/rootfs//var/cache/apt/archives/partial/base-passwd_3.6.7_arm64.deb" [1]
2026-08-04 16:42:52 URL:http://deb.debian.org/debian/pool/main/b/bash/bash_5.2.37-2+b9_arm64.deb [1456660/1456660] -> "/src/out-arm64/rootfs//var/cache/apt/archives/partial/bash_5.2.37-2+b9_arm64.deb" [1]
2026-08-04 16:42:53 URL:http://deb.debian.org/debian/pool/main/u/util-linux/bsdutils_2.41-5_arm64.deb [109072/109072] -> "/src/out-arm64/rootfs//var/cache/apt/archives/partial/bsdutils_1%3a2.41-5_arm64.deb" [1]
2026-08-04 16:46:47 URL:http://deb.debian.org/debian/pool/main/c/coreutils/coreutils_9.7-3_arm64.deb [2948764/2948764] -> "/src/out-arm64/rootfs//var/cache/apt/archives/partial/coreutils_9.7-3_arm64.deb" [1]
2026-08-04 16:46:48 URL:http://deb.debian.org/debian/pool/main/d/dash/dash_0.5.12-12_arm64.deb [95648/95648] -> "/src/out-arm64/rootfs//var/cache/apt/archives/partial/dash_0.5.12-12_arm64.deb" [1]
2026-08-04 16:46:48 URL:http://deb.debian.org/debian/pool/main/d/debconf/debconf_1.5.91_all.deb [121088/121088] -> "/src/out-arm64/rootfs//var/cache/apt/archives/partial/debconf_1.5.91_all.deb" [1]
2026-08-04 16:46:50 URL:http://deb.debian.org/debian/pool/main/d/debian-archive-keyring/debian-archive-keyring_2025.1_all.deb [179244/179244] -> "/src/out-arm64/rootfs//var/cache/apt/archives/partial/debian-archive-keyring_2025.1_all.deb" [1]
2026-08-04 16:46:50 URL:http://deb.debian.org/debian/pool/main/d/debianutils/debianutils_5.23.2_arm64.deb [92412/92412] -> "/src/out-arm64/rootfs//var/cache/apt/archives/partial/debianutils_5.23.2_arm64.deb" [1]
2026-08-04 16:46:51 URL:http://deb.debian.org/debian/pool/main/d/diffutils/diffutils_3.10-4_arm64.deb [377920/377920] -> "/src/out-arm64/rootfs//var/cache/apt/archives/partial/diffutils_1%3a3.10-4_arm64.deb" [1]
2026-08-04 16:46:53 URL:http://deb.debian.org/debian/pool/main/d/dpkg/dpkg_1.22.22_arm64.deb [1521436/1521436] -> "/src/out-arm64/rootfs//var/cache/apt/archives/partial/dpkg_1.22.22_arm64.deb" [1]
2026-08-04 16:46:54 URL:http://deb.debian.org/debian/pool/main/f/findutils/findutils_4.10.0-3_arm64.deb [695700/695700] -> "/src/out-arm64/rootfs//var/cache/apt/archives/partial/findutils_4.10.0-3_arm64.deb" [1]
2026-08-04 16:46:55 URL:http://deb.debian.org/debian/pool/main/g/gcc-14/gcc-14-base_14.2.0-19_arm64.deb [49444/49444] -> "/src/out-arm64/rootfs//var/cache/apt/archives/partial/gcc-14-base_14.2.0-19_arm64.deb" [1]
2026-08-04 16:46:56 URL:http://deb.debian.org/debian/pool/main/g/grep/grep_3.11-4+b1_arm64.deb [426128/426128] -> "/src/out-arm64/rootfs//var/cache/apt/archives/partial/grep_3.11-4+b1_arm64.deb" [1]
2026-08-04 16:47:01 URL:http://deb.debian.org/debian/pool/main/g/gzip/gzip_1.13-1_arm64.deb [135008/135008] -> "/src/out-arm64/rootfs//var/cache/apt/archives/partial/gzip_1.13-1_arm64.deb" [1]
2026-08-04 16:47:01 URL:http://deb.debian.org/debian/pool/main/h/hostname/hostname_3.25_arm64.deb [10808/10808] -> "/src/out-arm64/rootfs//var/cache/apt/archives/partial/hostname_3.25_arm64.deb" [1]
2026-08-04 16:47:02 URL:http://deb.debian.org/debian/pool/main/i/init-system-helpers/init-system-helpers_1.69~deb13u1_all.deb [39360/39360] -> "/src/out-arm64/rootfs//var/cache/apt/archives/partial/init-system-helpers_1.69~deb13u1_all.deb" [1]
2026-08-04 16:47:07 URL:http://deb.debian.org/debian/pool/main/a/acl/libacl1_2.3.2-2+b1_arm64.deb [32216/32216] -> "/src/out-arm64/rootfs//var/cache/apt/archives/partial/libacl1_2.3.2-2+b1_arm64.deb" [1]
2026-08-04 16:47:09 URL:http://deb.debian.org/debian/pool/main/a/apt/libapt-pkg7.0_3.0.3_arm64.deb [978112/978112] -> "/src/out-arm64/rootfs//var/cache/apt/archives/partial/libapt-pkg7.0_3.0.3_arm64.deb" [1]
2026-08-04 16:47:09 URL:http://deb.debian.org/debian/pool/main/a/attr/libattr1_2.5.2-3_arm64.deb [22664/22664] -> "/src/out-arm64/rootfs//var/cache/apt/archives/partial/libattr1_1%3a2.5.2-3_arm64.deb" [1]
2026-08-04 16:47:28 URL:http://deb.debian.org/debian/pool/main/a/audit/libaudit-common_4.0.2-2_all.deb [12692/12692] -> "/src/out-arm64/rootfs//var/cache/apt/archives/partial/libaudit-common_1%3a4.0.2-2_all.deb" [1]
2026-08-04 16:47:29 URL:http://deb.debian.org/debian/pool/main/a/audit/libaudit1_4.0.2-2+b2_arm64.deb [54568/54568] -> "/src/out-arm64/rootfs//var/cache/apt/archives/partial/libaudit1_1%3a4.0.2-2+b2_arm64.deb" [1]
2026-08-04 16:47:30 URL:http://deb.debian.org/debian/pool/main/u/util-linux/libblkid1_2.41-5_arm64.deb [165512/165512] -> "/src/out-arm64/rootfs//var/cache/apt/archives/partial/libblkid1_2.41-5_arm64.deb" [1]
2026-08-04 16:47:31 URL:http://deb.debian.org/debian/pool/main/libb/libbsd/libbsd0_0.12.2-2_arm64.deb [128944/128944] -> "/src/out-arm64/rootfs//var/cache/apt/archives/partial/libbsd0_0.12.2-2_arm64.deb" [1]
2026-08-04 16:47:31 URL:http://deb.debian.org/debian/pool/main/b/bzip2/libbz2-1.0_1.0.8-6_arm64.deb [37772/37772] -> "/src/out-arm64/rootfs//var/cache/apt/archives/partial/libbz2-1.0_1.0.8-6_arm64.deb" [1]
2026-08-04 16:47:32 URL:http://deb.debian.org/debian/pool/main/g/glibc/libc-bin_2.41-12+deb13u3_arm64.deb [551364/551364] -> "/src/out-arm64/rootfs//var/cache/apt/archives/partial/libc-bin_2.41-12+deb13u3_arm64.deb" [1]
2026-08-04 16:47:34 URL:http://deb.debian.org/debian/pool/main/g/glibc/libc6_2.41-12+deb13u3_arm64.deb [2489480/2489480] -> "/src/out-arm64/rootfs//var/cache/apt/archives/partial/libc6_2.41-12+deb13u3_arm64.deb" [1]
2026-08-04 16:47:34 URL:http://deb.debian.org/debian/pool/main/libc/libcap-ng/libcap-ng0_0.8.5-4+b1_arm64.deb [17032/17032] -> "/src/out-arm64/rootfs//var/cache/apt/archives/partial/libcap-ng0_0.8.5-4+b1_arm64.deb" [1]
2026-08-04 16:47:35 URL:http://deb.debian.org/debian/pool/main/libc/libcap2/libcap2_2.75-10+deb13u1+b1_arm64.deb [28424/28424] -> "/src/out-arm64/rootfs//var/cache/apt/archives/partial/libcap2_1%3a2.75-10+deb13u1+b1_arm64.deb" [1]
2026-08-04 16:47:36 URL:http://deb.debian.org/debian/pool/main/libx/libxcrypt/libcrypt1_4.4.38-1_arm64.deb [91760/91760] -> "/src/out-arm64/rootfs//var/cache/apt/archives/partial/libcrypt1_1%3a4.4.38-1_arm64.deb" [1]
2026-08-04 16:47:37 URL:http://deb.debian.org/debian/pool/main/d/db5.3/libdb5.3t64_5.3.28+dfsg2-9_arm64.deb [629132/629132] -> "/src/out-arm64/rootfs//var/cache/apt/archives/partial/libdb5.3t64_5.3.28+dfsg2-9_arm64.deb" [1]
2026-08-04 16:47:37 URL:http://deb.debian.org/debian/pool/main/c/cdebconf/libdebconfclient0_0.280_arm64.deb [10784/10784] -> "/src/out-arm64/rootfs//var/cache/apt/archives/partial/libdebconfclient0_0.280_arm64.deb" [1]
2026-08-04 16:47:37 URL:http://deb.debian.org/debian/pool/main/g/gcc-14/libgcc-s1_14.2.0-19_arm64.deb [54104/54104] -> "/src/out-arm64/rootfs//var/cache/apt/archives/partial/libgcc-s1_14.2.0-19_arm64.deb" [1]
2026-08-04 16:47:39 URL:http://deb.debian.org/debian/pool/main/g/gmp/libgmp10_6.3.0+dfsg-3_arm64.deb [535088/535088] -> "/src/out-arm64/rootfs//var/cache/apt/archives/partial/libgmp10_2%3a6.3.0+dfsg-3_arm64.deb" [1]
2026-08-04 16:47:40 URL:http://deb.debian.org/debian/pool/main/n/nettle/libhogweed6t64_3.10.1-1_arm64.deb [331628/331628] -> "/src/out-arm64/rootfs//var/cache/apt/archives/partial/libhogweed6t64_3.10.1-1_arm64.deb" [1]
2026-08-04 16:47:40 URL:http://deb.debian.org/debian/pool/main/u/util-linux/liblastlog2-2_2.41-5_arm64.deb [28328/28328] -> "/src/out-arm64/rootfs//var/cache/apt/archives/partial/liblastlog2-2_2.41-5_arm64.deb" [1]
2026-08-04 16:47:41 URL:http://deb.debian.org/debian/pool/main/l/lz4/liblz4-1_1.10.0-4_arm64.deb [59988/59988] -> "/src/out-arm64/rootfs//var/cache/apt/archives/partial/liblz4-1_1.10.0-4_arm64.deb" [1]
2026-08-04 16:47:42 URL:http://deb.debian.org/debian/pool/main/x/xz-utils/liblzma5_5.8.1-1+deb13u1_arm64.deb [302720/302720] -> "/src/out-arm64/rootfs//var/cache/apt/archives/partial/liblzma5_5.8.1-1+deb13u1_arm64.deb" [1]
2026-08-04 16:47:42 URL:http://deb.debian.org/debian/pool/main/libm/libmd/libmd0_1.1.0-2+b1_arm64.deb [33664/33664] -> "/src/out-arm64/rootfs//var/cache/apt/archives/partial/libmd0_1.1.0-2+b1_arm64.deb" [1]
2026-08-04 16:47:43 URL:http://deb.debian.org/debian/pool/main/u/util-linux/libmount1_2.41-5_arm64.deb [198880/198880] -> "/src/out-arm64/rootfs//var/cache/apt/archives/partial/libmount1_2.41-5_arm64.deb" [1]
2026-08-04 16:47:44 URL:http://deb.debian.org/debian/pool/main/n/nettle/libnettle8t64_3.10.1-1_arm64.deb [310548/310548] -> "/src/out-arm64/rootfs//var/cache/apt/archives/partial/libnettle8t64_3.10.1-1_arm64.deb" [1]
2026-08-04 16:47:45 URL:http://deb.debian.org/debian/pool/main/p/pam/libpam-modules_1.7.0-5_arm64.deb [172452/172452] -> "/src/out-arm64/rootfs//var/cache/apt/archives/partial/libpam-modules_1.7.0-5_arm64.deb" [1]
2026-08-04 16:47:52 URL:http://deb.debian.org/debian/pool/main/p/pam/libpam-modules-bin_1.7.0-5_arm64.deb [48272/48272] -> "/src/out-arm64/rootfs//var/cache/apt/archives/partial/libpam-modules-bin_1.7.0-5_arm64.deb" [1]
2026-08-04 16:47:53 URL:http://deb.debian.org/debian/pool/main/p/pam/libpam-runtime_1.7.0-5_all.deb [248720/248720] -> "/src/out-arm64/rootfs//var/cache/apt/archives/partial/libpam-runtime_1.7.0-5_all.deb" [1]
2026-08-04 16:47:54 URL:http://deb.debian.org/debian/pool/main/p/pam/libpam0g_1.7.0-5_arm64.deb [68776/68776] -> "/src/out-arm64/rootfs//var/cache/apt/archives/partial/libpam0g_1.7.0-5_arm64.deb" [1]
2026-08-04 16:47:55 URL:http://deb.debian.org/debian/pool/main/p/pcre2/libpcre2-8-0_10.46-1~deb13u1_arm64.deb [262004/262004] -> "/src/out-arm64/rootfs//var/cache/apt/archives/partial/libpcre2-8-0_10.46-1~deb13u1_arm64.deb" [1]
2026-08-04 16:47:55 URL:http://deb.debian.org/debian/pool/main/libs/libseccomp/libseccomp2_2.6.0-2_arm64.deb [51012/51012] -> "/src/out-arm64/rootfs//var/cache/apt/archives/partial/libseccomp2_2.6.0-2_arm64.deb" [1]
2026-08-04 16:47:56 URL:http://deb.debian.org/debian/pool/main/libs/libselinux/libselinux1_3.8.1-1_arm64.deb [79352/79352] -> "/src/out-arm64/rootfs//var/cache/apt/archives/partial/libselinux1_3.8.1-1_arm64.deb" [1]
2026-08-04 16:47:56 URL:http://deb.debian.org/debian/pool/main/libs/libsemanage/libsemanage-common_3.8.1-1_all.deb [7812/7812] -> "/src/out-arm64/rootfs//var/cache/apt/archives/partial/libsemanage-common_3.8.1-1_all.deb" [1]
2026-08-04 16:47:59 URL:http://deb.debian.org/debian/pool/main/libs/libsemanage/libsemanage2_3.8.1-1_arm64.deb [87840/87840] -> "/src/out-arm64/rootfs//var/cache/apt/archives/partial/libsemanage2_3.8.1-1_arm64.deb" [1]
2026-08-04 16:48:00 URL:http://deb.debian.org/debian/pool/main/libs/libsepol/libsepol2_3.8.1-1_arm64.deb [266256/266256] -> "/src/out-arm64/rootfs//var/cache/apt/archives/partial/libsepol2_3.8.1-1_arm64.deb" [1]
2026-08-04 16:48:01 URL:http://deb.debian.org/debian/pool/main/u/util-linux/libsmartcols1_2.41-5_arm64.deb [138688/138688] -> "/src/out-arm64/rootfs//var/cache/apt/archives/partial/libsmartcols1_2.41-5_arm64.deb" [1]
2026-08-04 16:48:02 URL:http://deb.debian.org/debian/pool/main/s/sqlite3/libsqlite3-0_3.46.1-7+deb13u1_arm64.deb [853772/853772] -> "/src/out-arm64/rootfs//var/cache/apt/archives/partial/libsqlite3-0_3.46.1-7+deb13u1_arm64.deb" [1]
2026-08-04 16:48:06 URL:http://deb.debian.org/debian/pool/main/o/openssl/libssl3t64_3.5.6-1~deb13u2_arm64.deb [2760128/2760128] -> "/src/out-arm64/rootfs//var/cache/apt/archives/partial/libssl3t64_3.5.6-1~deb13u2_arm64.deb" [1]
2026-08-04 16:48:07 URL:http://deb.debian.org/debian/pool/main/g/gcc-14/libstdc++6_14.2.0-19_arm64.deb [637536/637536] -> "/src/out-arm64/rootfs//var/cache/apt/archives/partial/libstdc++6_14.2.0-19_arm64.deb" [1]
2026-08-04 16:48:08 URL:http://deb.debian.org/debian/pool/main/s/systemd/libsystemd0_257.13-1~deb13u1_arm64.deb [422500/422500] -> "/src/out-arm64/rootfs//var/cache/apt/archives/partial/libsystemd0_257.13-1~deb13u1_arm64.deb" [1]
2026-08-04 16:48:09 URL:http://deb.debian.org/debian/pool/main/n/ncurses/libtinfo6_6.5+20250216-2_arm64.deb [341360/341360] -> "/src/out-arm64/rootfs//var/cache/apt/archives/partial/libtinfo6_6.5+20250216-2_arm64.deb" [1]
2026-08-04 16:48:10 URL:http://deb.debian.org/debian/pool/main/s/systemd/libudev1_257.13-1~deb13u1_arm64.deb [144536/144536] -> "/src/out-arm64/rootfs//var/cache/apt/archives/partial/libudev1_257.13-1~deb13u1_arm64.deb" [1]
2026-08-04 16:48:10 URL:http://deb.debian.org/debian/pool/main/u/util-linux/libuuid1_2.41-5_arm64.deb [37412/37412] -> "/src/out-arm64/rootfs//var/cache/apt/archives/partial/libuuid1_2.41-5_arm64.deb" [1]
2026-08-04 16:48:11 URL:http://deb.debian.org/debian/pool/main/x/xxhash/libxxhash0_0.8.3-2_arm64.deb [22276/22276] -> "/src/out-arm64/rootfs//var/cache/apt/archives/partial/libxxhash0_0.8.3-2_arm64.deb" [1]
2026-08-04 16:48:12 URL:http://deb.debian.org/debian/pool/main/libz/libzstd/libzstd1_1.5.7+dfsg-1_arm64.deb [266052/266052] -> "/src/out-arm64/rootfs//var/cache/apt/archives/partial/libzstd1_1.5.7+dfsg-1_arm64.deb" [1]
2026-08-04 16:48:13 URL:http://deb.debian.org/debian/pool/main/u/util-linux/login_4.16.0-2+really2.41-5_arm64.deb [113812/113812] -> "/src/out-arm64/rootfs//var/cache/apt/archives/partial/login_1%3a4.16.0-2+really2.41-5_arm64.deb" [1]
2026-08-04 16:48:13 URL:http://deb.debian.org/debian/pool/main/s/shadow/login.defs_4.17.4-2_all.deb [186124/186124] -> "/src/out-arm64/rootfs//var/cache/apt/archives/partial/login.defs_1%3a4.17.4-2_all.deb" [1]
2026-08-04 16:48:14 URL:http://deb.debian.org/debian/pool/main/m/mawk/mawk_1.3.4.20250131-1_arm64.deb [133820/133820] -> "/src/out-arm64/rootfs//var/cache/apt/archives/partial/mawk_1.3.4.20250131-1_arm64.deb" [1]
2026-08-04 16:48:14 URL:http://deb.debian.org/debian/pool/main/u/util-linux/mount_2.41-5_arm64.deb [160584/160584] -> "/src/out-arm64/rootfs//var/cache/apt/archives/partial/mount_2.41-5_arm64.deb" [1]
2026-08-04 16:48:15 URL:http://deb.debian.org/debian/pool/main/n/ncurses/ncurses-base_6.5+20250216-2_all.deb [273216/273216] -> "/src/out-arm64/rootfs//var/cache/apt/archives/partial/ncurses-base_6.5+20250216-2_all.deb" [1]
2026-08-04 16:48:19 URL:http://deb.debian.org/debian/pool/main/n/ncurses/ncurses-bin_6.5+20250216-2_arm64.deb [432224/432224] -> "/src/out-arm64/rootfs//var/cache/apt/archives/partial/ncurses-bin_6.5+20250216-2_arm64.deb" [1]
2026-08-04 16:48:20 URL:http://deb.debian.org/debian/pool/main/o/openssl/openssl-provider-legacy_3.5.6-1~deb13u2_arm64.deb [310184/310184] -> "/src/out-arm64/rootfs//var/cache/apt/archives/partial/openssl-provider-legacy_3.5.6-1~deb13u2_arm64.deb" [1]
2026-08-04 16:48:21 URL:http://deb.debian.org/debian/pool/main/s/shadow/passwd_4.17.4-2_arm64.deb [1205920/1205920] -> "/src/out-arm64/rootfs//var/cache/apt/archives/partial/passwd_1%3a4.17.4-2_arm64.deb" [1]
2026-08-04 16:48:23 URL:http://deb.debian.org/debian/pool/main/p/perl/perl-base_5.40.1-6_arm64.deb [1526636/1526636] -> "/src/out-arm64/rootfs//var/cache/apt/archives/partial/perl-base_5.40.1-6_arm64.deb" [1]
2026-08-04 16:48:24 URL:http://deb.debian.org/debian/pool/main/s/sed/sed_4.9-2+deb13u1_arm64.deb [325712/325712] -> "/src/out-arm64/rootfs//var/cache/apt/archives/partial/sed_4.9-2+deb13u1_arm64.deb" [1]
2026-08-04 16:48:25 URL:http://deb.debian.org/debian/pool/main/r/rust-sequoia-sqv/sqv_1.3.0-3+b2_arm64.deb [611508/611508] -> "/src/out-arm64/rootfs//var/cache/apt/archives/partial/sqv_1.3.0-3+b2_arm64.deb" [1]
2026-08-04 16:48:26 URL:http://deb.debian.org/debian/pool/main/s/sysvinit/sysvinit-utils_3.14-4_arm64.deb [33960/33960] -> "/src/out-arm64/rootfs//var/cache/apt/archives/partial/sysvinit-utils_3.14-4_arm64.deb" [1]
2026-08-04 16:48:27 URL:http://deb.debian.org/debian/pool/main/t/tar/tar_1.35+dfsg-3.1_arm64.deb [802008/802008] -> "/src/out-arm64/rootfs//var/cache/apt/archives/partial/tar_1.35+dfsg-3.1_arm64.deb" [1]
2026-08-04 16:48:28 URL:http://deb.debian.org/debian/pool/main/t/tzdata/tzdata_2026b-0+deb13u1_all.deb [264316/264316] -> "/src/out-arm64/rootfs//var/cache/apt/archives/partial/tzdata_2026b-0+deb13u1_all.deb" [1]
2026-08-04 16:48:29 URL:http://deb.debian.org/debian/pool/main/u/util-linux/util-linux_2.41-5_arm64.deb [1191312/1191312] -> "/src/out-arm64/rootfs//var/cache/apt/archives/partial/util-linux_2.41-5_arm64.deb" [1]
2026-08-04 16:48:30 URL:http://deb.debian.org/debian/pool/main/z/zlib/zlib1g_1.3.dfsg+really1.3.1-1+b1_arm64.deb [85116/85116] -> "/src/out-arm64/rootfs//var/cache/apt/archives/partial/zlib1g_1%3a1.3.dfsg+really1.3.1-1+b1_arm64.deb" [1]
tar: ./usr/share/man/man7/pam.7.gz: Cannot create symlink to 'PAM.7.gz': File exists
tar: Exiting with failure status due to previous errors
